// Jest Snapshot v1, https://goo.gl/fbAQLP

exports[`CardContainer should match the snapshot test 1`] = `
<section
  className="CardContainer"
>
  <Card
    className=""
    key="0"
    person={
      Object {
        "homeworld": "naboo",
        "name": "luke",
        "population": "20",
        "species": "human",
      }
    }
    setFavorite={[Function]}
  />
</section>
`;
