// Jest Snapshot v1, https://goo.gl/fbAQLP

exports[`CardContainer should match the snapshot test 1`] = `
<section
  className="CardContainer"
>
  <Card
    className=""
    homeworld="naboo"
    key="0"
    name="luke"
    population="20"
    setFavorite={[Function]}
    species="human"
  />
</section>
`;
